python : Could not 
find platform 
independent 
libraries <prefix>
At line:1 char:1
+ python -m pytest 
test_api.py 2>&1 | 
Tee-Object -FilePath 
test_output. ...
+ ~~~~~~~~~~~~~~~~~~~
~~~~~~~~~~~~~~
    + CategoryInfo   
           : NotSpe  
  cified: (Could n   
 ot find ...rarie    
s <prefix>:Strin    
g) [], RemoteExc    
eption
    + FullyQualified 
   ErrorId : Native  
  CommandError
 
============================= test session starts =============================
platform win32 -- Python 3.13.7, pytest-9.0.1, pluggy-1.6.0
rootdir: D:\app\flagship\backend
plugins: anyio-4.11.0, langsmith-0.4.49
collected 0 items / 1 error

=================================== ERRORS ====================================
________________________ ERROR collecting test_api.py _________________________
test_api.py:3: in <module>
    from main import app
main.py:2: in <module>
    from services.diet import diet_service
services\diet\diet_service.py:13: in <module>
    chroma_client = chromadb.PersistentClient(path="./chroma")
                    ^^^^^^^^^^^^^^^^^^^^^^^^^^^^^^^^^^^^^^^^^^
Lib\site-packages\chromadb\__init__.py:213: in PersistentClient
    return ClientCreator(tenant=tenant, database=database, settings=settings)
           ^^^^^^^^^^^^^^^^^^^^^^^^^^^^^^^^^^^^^^^^^^^^^^^^^^^^^^^^^^^^^^^^^^
Lib\site-packages\chromadb\api\client.py:66: in __init__
    super().__init__(settings=settings)
Lib\site-packages\chromadb\api\shared_system_client.py:19: in __init__
    SharedSystemClient._create_system_if_not_exists(self._identifier, settings)
Lib\site-packages\chromadb\api\shared_system_client.py:26: in _create_system_if_not_exists
    new_system = System(settings)
                 ^^^^^^^^^^^^^^^^
Lib\site-packages\chromadb\config.py:389: in __init__
    if settings[key] is not None:
       ^^^^^^^^^^^^^
Lib\site-packages\chromadb\config.py:323: in __getitem__
    raise ValueError(LEGACY_ERROR)
E   ValueError: [91mYou are using a deprecated configuration of Chroma.
E   
E   [94mIf you do not have data you wish to migrate, you only need to change how you construct
E   your Chroma client. Please see the "New Clients" section of https://docs.trychroma.com/deployment/migration.
E   ________________________________________________________________________________________________
E   
E   If you do have data you wish to migrate, we have a migration tool you can use in order to
E   migrate your data to the new Chroma architecture.
E   Please `pip install chroma-migrate` and run `chroma-migrate` to migrate your data and then
E   change how you construct your Chroma client.
E   
E   See https://docs.trychroma.com/deployment/migration for more information or join our discord at https://discord.gg/MMeYNTmh3x for help![0m
=========================== short test summary info ===========================
ERROR test_api.py - ValueError: [91mYou are using a deprecated configuration of Chroma.
!!!!!!!!!!!!!!!!!!! Interrupted: 1 error during collection !!!!!!!!!!!!!!!!!!!!
============================== 1 error in 5.43s ===============================
